=========================================
  Random Shift Test (200 iterations)
=========================================
UVM_INFO: [PASS] random_0 | data_out=0 ref=0
UVM_INFO: [PASS] random_1 | data_out=8 ref=8
UVM_INFO: [PASS] random_2 | data_out=f ref=f
UVM_INFO: [PASS] random_3 | data_out=3 ref=3
UVM_INFO: [PASS] random_4 | data_out=3 ref=3
UVM_INFO: [PASS] random_5 | data_out=3 ref=3
UVM_INFO: [PASS] random_6 | data_out=d ref=d
UVM_INFO: [PASS] random_7 | data_out=d ref=d
UVM_INFO: [PASS] random_8 | data_out=a ref=a
UVM_INFO: [PASS] random_9 | data_out=a ref=a
UVM_INFO: [PASS] random_10 | data_out=d ref=d
UVM_INFO: [PASS] random_11 | data_out=d ref=d
UVM_INFO: [PASS] random_12 | data_out=d ref=d
UVM_INFO: [PASS] random_13 | data_out=b ref=b
UVM_INFO: [PASS] random_14 | data_out=c ref=c
UVM_INFO: [PASS] random_15 | data_out=6 ref=6
UVM_INFO: [PASS] random_16 | data_out=6 ref=6
UVM_INFO: [PASS] random_17 | data_out=6 ref=6
UVM_INFO: [PASS] random_18 | data_out=6 ref=6
UVM_INFO: [PASS] random_19 | data_out=3 ref=3
UVM_INFO: [PASS] random_20 | data_out=a ref=a
UVM_INFO: [PASS] random_21 | data_out=1 ref=1
UVM_INFO: [PASS] random_22 | data_out=2 ref=2
UVM_INFO: [PASS] random_23 | data_out=1 ref=1
UVM_INFO: [PASS] random_24 | data_out=2 ref=2
UVM_INFO: [PASS] random_25 | data_out=2 ref=2
UVM_INFO: [PASS] random_26 | data_out=9 ref=9
UVM_INFO: [PASS] random_27 | data_out=9 ref=9
UVM_INFO: [PASS] random_28 | data_out=3 ref=3
UVM_INFO: [PASS] random_29 | data_out=2 ref=2
UVM_INFO: [PASS] random_30 | data_out=d ref=d
UVM_INFO: [PASS] random_31 | data_out=b ref=b
UVM_INFO: [PASS] random_32 | data_out=b ref=b
UVM_INFO: [PASS] random_33 | data_out=b ref=b
UVM_INFO: [PASS] random_34 | data_out=b ref=b
UVM_INFO: [PASS] random_35 | data_out=f ref=f
UVM_INFO: [PASS] random_36 | data_out=c ref=c
UVM_INFO: [PASS] random_37 | data_out=e ref=e
UVM_INFO: [PASS] random_38 | data_out=f ref=f
UVM_INFO: [PASS] random_39 | data_out=5 ref=5
UVM_INFO: [PASS] random_40 | data_out=b ref=b
UVM_INFO: [PASS] random_41 | data_out=3 ref=3
UVM_INFO: [PASS] random_42 | data_out=3 ref=3
UVM_INFO: [PASS] random_43 | data_out=3 ref=3
UVM_INFO: [PASS] random_44 | data_out=7 ref=7
UVM_INFO: [PASS] random_45 | data_out=6 ref=6
UVM_INFO: [PASS] random_46 | data_out=c ref=c
UVM_INFO: [PASS] random_47 | data_out=7 ref=7
UVM_INFO: [PASS] random_48 | data_out=f ref=f
UVM_INFO: [PASS] random_49 | data_out=f ref=f
UVM_INFO: [PASS] random_50 | data_out=f ref=f
UVM_INFO: [PASS] random_51 | data_out=c ref=c
UVM_INFO: [PASS] random_52 | data_out=9 ref=9
UVM_INFO: [PASS] random_53 | data_out=4 ref=4
UVM_INFO: [PASS] random_54 | data_out=2 ref=2
UVM_INFO: [PASS] random_55 | data_out=6 ref=6
UVM_INFO: [PASS] random_56 | data_out=c ref=c
UVM_INFO: [PASS] random_57 | data_out=d ref=d
UVM_INFO: [PASS] random_58 | data_out=d ref=d
UVM_INFO: [PASS] random_59 | data_out=7 ref=7
UVM_INFO: [PASS] random_60 | data_out=b ref=b
UVM_INFO: [PASS] random_61 | data_out=b ref=b
UVM_INFO: [PASS] random_62 | data_out=f ref=f
UVM_INFO: [PASS] random_63 | data_out=f ref=f
UVM_INFO: [PASS] random_64 | data_out=9 ref=9
UVM_INFO: [PASS] random_65 | data_out=3 ref=3
UVM_INFO: [PASS] random_66 | data_out=9 ref=9
UVM_INFO: [PASS] random_67 | data_out=2 ref=2
UVM_INFO: [PASS] random_68 | data_out=4 ref=4
UVM_INFO: [PASS] random_69 | data_out=3 ref=3
UVM_INFO: [PASS] random_70 | data_out=3 ref=3
UVM_INFO: [PASS] random_71 | data_out=5 ref=5
UVM_INFO: [PASS] random_72 | data_out=b ref=b
UVM_INFO: [PASS] random_73 | data_out=b ref=b
UVM_INFO: [PASS] random_74 | data_out=d ref=d
UVM_INFO: [PASS] random_75 | data_out=2 ref=2
UVM_INFO: [PASS] random_76 | data_out=8 ref=8
UVM_INFO: [PASS] random_77 | data_out=3 ref=3
UVM_INFO: [PASS] random_78 | data_out=6 ref=6
UVM_INFO: [PASS] random_79 | data_out=6 ref=6
UVM_INFO: [PASS] random_80 | data_out=6 ref=6
UVM_INFO: [PASS] random_81 | data_out=3 ref=3
UVM_INFO: [PASS] random_82 | data_out=f ref=f
UVM_INFO: [PASS] random_83 | data_out=f ref=f
UVM_INFO: [PASS] random_84 | data_out=c ref=c
UVM_INFO: [PASS] random_85 | data_out=9 ref=9
UVM_INFO: [PASS] random_86 | data_out=2 ref=2
UVM_INFO: [PASS] random_87 | data_out=5 ref=5
UVM_INFO: [PASS] random_88 | data_out=e ref=e
UVM_INFO: [PASS] random_89 | data_out=7 ref=7
UVM_INFO: [PASS] random_90 | data_out=c ref=c
UVM_INFO: [PASS] random_91 | data_out=6 ref=6
UVM_INFO: [PASS] random_92 | data_out=d ref=d
UVM_INFO: [PASS] random_93 | data_out=8 ref=8
UVM_INFO: [PASS] random_94 | data_out=e ref=e
UVM_INFO: [PASS] random_95 | data_out=e ref=e
UVM_INFO: [PASS] random_96 | data_out=0 ref=0
UVM_INFO: [PASS] random_97 | data_out=0 ref=0
UVM_INFO: [PASS] random_98 | data_out=7 ref=7
UVM_INFO: [PASS] random_99 | data_out=b ref=b
UVM_INFO: [PASS] random_100 | data_out=7 ref=7
UVM_INFO: [PASS] random_101 | data_out=f ref=f
UVM_INFO: [PASS] random_102 | data_out=8 ref=8
UVM_INFO: [PASS] random_103 | data_out=c ref=c
UVM_INFO: [PASS] random_104 | data_out=c ref=c
UVM_INFO: [PASS] random_105 | data_out=6 ref=6
UVM_INFO: [PASS] random_106 | data_out=6 ref=6
UVM_INFO: [PASS] random_107 | data_out=6 ref=6
UVM_INFO: [PASS] random_108 | data_out=6 ref=6
UVM_INFO: [PASS] random_109 | data_out=5 ref=5
UVM_INFO: [PASS] random_110 | data_out=5 ref=5
UVM_INFO: [PASS] random_111 | data_out=3 ref=3
UVM_INFO: [PASS] random_112 | data_out=7 ref=7
UVM_INFO: [PASS] random_113 | data_out=b ref=b
UVM_INFO: [PASS] random_114 | data_out=2 ref=2
UVM_INFO: [PASS] random_115 | data_out=5 ref=5
UVM_INFO: [PASS] random_116 | data_out=b ref=b
UVM_INFO: [PASS] random_117 | data_out=7 ref=7
UVM_INFO: [PASS] random_118 | data_out=5 ref=5
UVM_INFO: [PASS] random_119 | data_out=5 ref=5
UVM_INFO: [PASS] random_120 | data_out=5 ref=5
UVM_INFO: [PASS] random_121 | data_out=5 ref=5
UVM_INFO: [PASS] random_122 | data_out=b ref=b
UVM_INFO: [PASS] random_123 | data_out=f ref=f
UVM_INFO: [PASS] random_124 | data_out=1 ref=1
UVM_INFO: [PASS] random_125 | data_out=8 ref=8
UVM_INFO: [PASS] random_126 | data_out=8 ref=8
UVM_INFO: [PASS] random_127 | data_out=c ref=c
UVM_INFO: [PASS] random_128 | data_out=b ref=b
UVM_INFO: [PASS] random_129 | data_out=7 ref=7
UVM_INFO: [PASS] random_130 | data_out=c ref=c
UVM_INFO: [PASS] random_131 | data_out=3 ref=3
UVM_INFO: [PASS] random_132 | data_out=1 ref=1
UVM_INFO: [PASS] random_133 | data_out=6 ref=6
UVM_INFO: [PASS] random_134 | data_out=4 ref=4
UVM_INFO: [PASS] random_135 | data_out=4 ref=4
UVM_INFO: [PASS] random_136 | data_out=4 ref=4
UVM_INFO: [PASS] random_137 | data_out=c ref=c
UVM_INFO: [PASS] random_138 | data_out=0 ref=0
UVM_INFO: [PASS] random_139 | data_out=0 ref=0
UVM_INFO: [PASS] random_140 | data_out=1 ref=1
UVM_INFO: [PASS] random_141 | data_out=3 ref=3
UVM_INFO: [PASS] random_142 | data_out=5 ref=5
UVM_INFO: [PASS] random_143 | data_out=7 ref=7
UVM_INFO: [PASS] random_144 | data_out=f ref=f
UVM_INFO: [PASS] random_145 | data_out=a ref=a
UVM_INFO: [PASS] random_146 | data_out=e ref=e
UVM_INFO: [PASS] random_147 | data_out=f ref=f
UVM_INFO: [PASS] random_148 | data_out=7 ref=7
UVM_INFO: [PASS] random_149 | data_out=7 ref=7
UVM_INFO: [PASS] random_150 | data_out=a ref=a
UVM_INFO: [PASS] random_151 | data_out=a ref=a
UVM_INFO: [PASS] random_152 | data_out=d ref=d
UVM_INFO: [PASS] random_153 | data_out=e ref=e
UVM_INFO: [PASS] random_154 | data_out=0 ref=0
UVM_INFO: [PASS] random_155 | data_out=4 ref=4
UVM_INFO: [PASS] random_156 | data_out=b ref=b
UVM_INFO: [PASS] random_157 | data_out=5 ref=5
UVM_INFO: [PASS] random_158 | data_out=b ref=b
UVM_INFO: [PASS] random_159 | data_out=7 ref=7
UVM_INFO: [PASS] random_160 | data_out=e ref=e
UVM_INFO: [PASS] random_161 | data_out=0 ref=0
UVM_INFO: [PASS] random_162 | data_out=a ref=a
UVM_INFO: [PASS] random_163 | data_out=b ref=b
UVM_INFO: [PASS] random_164 | data_out=4 ref=4
UVM_INFO: [PASS] random_165 | data_out=3 ref=3
UVM_INFO: [PASS] random_166 | data_out=3 ref=3
UVM_INFO: [PASS] random_167 | data_out=3 ref=3
UVM_INFO: [PASS] random_168 | data_out=9 ref=9
UVM_INFO: [PASS] random_169 | data_out=c ref=c
UVM_INFO: [PASS] random_170 | data_out=c ref=c
UVM_INFO: [PASS] random_171 | data_out=8 ref=8
UVM_INFO: [PASS] random_172 | data_out=1 ref=1
UVM_INFO: [PASS] random_173 | data_out=8 ref=8
UVM_INFO: [PASS] random_174 | data_out=5 ref=5
UVM_INFO: [PASS] random_175 | data_out=b ref=b
UVM_INFO: [PASS] random_176 | data_out=5 ref=5
UVM_INFO: [PASS] random_177 | data_out=7 ref=7
UVM_INFO: [PASS] random_178 | data_out=f ref=f
UVM_INFO: [PASS] random_179 | data_out=f ref=f
UVM_INFO: [PASS] random_180 | data_out=1 ref=1
UVM_INFO: [PASS] random_181 | data_out=0 ref=0
UVM_INFO: [PASS] random_182 | data_out=0 ref=0
UVM_INFO: [PASS] random_183 | data_out=0 ref=0
UVM_INFO: [PASS] random_184 | data_out=7 ref=7
UVM_INFO: [PASS] random_185 | data_out=1 ref=1
UVM_INFO: [PASS] random_186 | data_out=0 ref=0
UVM_INFO: [PASS] random_187 | data_out=4 ref=4
UVM_INFO: [PASS] random_188 | data_out=2 ref=2
UVM_INFO: [PASS] random_189 | data_out=2 ref=2
UVM_INFO: [PASS] random_190 | data_out=1 ref=1
UVM_INFO: [PASS] random_191 | data_out=8 ref=8
UVM_INFO: [PASS] random_192 | data_out=f ref=f
UVM_INFO: [PASS] random_193 | data_out=f ref=f
UVM_INFO: [PASS] random_194 | data_out=0 ref=0
UVM_INFO: [PASS] random_195 | data_out=1 ref=1
UVM_INFO: [PASS] random_196 | data_out=1 ref=1
UVM_INFO: [PASS] random_197 | data_out=5 ref=5
UVM_INFO: [PASS] random_198 | data_out=2 ref=2
UVM_INFO: [PASS] random_199 | data_out=6 ref=6

  Passed: 200  Failed: 0
  UVM_INFO: TEST PASSED
=========================================
rtl_projects/shift_reg/tb_random_shift.sv:95: $finish called at 2016000 (1ps)
