# Simulation Log - AXI Master Testbench
# Date: 2024-01-16  Seed: 999  Test: axi_full_test
[0ns]     INFO:  Simulation started
[10ns]    INFO:  Reset asserted
[50ns]    INFO:  Reset released
[100ns]   UVM_INFO: uvm_test_top.env.agent [DRIVER] Driving write ADDR=0x0010 DATA=0xDEADBEEF
[200ns]   UVM_INFO: uvm_test_top.env.scoreboard [SCB] Write received ADDR=0x0010 DATA=0xDEADBEEF
[300ns]   UVM_ERROR: uvm_test_top.env.scoreboard [SCB] Data mismatch ADDR=0x0020 EXP=0xCAFEBABE GOT=0x00000000
[400ns]   UVM_ERROR: uvm_test_top.env.scoreboard [SCB] Data mismatch ADDR=0x0030 EXP=0x12345678 GOT=0xDEADDEAD
[500ns]   ASSERTION FAILED: axi_master.sv:142 - AWREADY timeout exceeded 16 cycles
[600ns]   UVM_ERROR: uvm_test_top.env.scoreboard [SCB] Data mismatch ADDR=0x0040 EXP=0xAAAABBBB GOT=0xCCCCDDDD
[700ns]   ASSERTION FAILED: axi_slave.sv:88 - RVALID asserted without ARVALID
[800ns]   UVM_WARNING: uvm_test_top.env.monitor [MON] Bus stall detected - waited 5 cycles
[900ns]   UVM_FATAL: uvm_test_top.env.scoreboard [SCB] Too many errors - stopping simulation
[1000ns]  INFO:  Simulation ended
# UVM Report Summary
# UVM_INFO    :  4
# UVM_WARNING :  1
# UVM_ERROR   :  3
# UVM_FATAL   :  1