=============================================
  4-bit Adder Self-Checking Testbench
=============================================

--- Directed Tests ---
UVM_INFO: [PASS] zero_add | a=0 b=0 cin=0 | sum=0 cout=0 ovflow=0
UVM_INFO: [PASS] basic_add | a=3 b=4 cin=0 | sum=7 cout=0 ovflow=0
UVM_INFO: [PASS] cin_only | a=0 b=0 cin=1 | sum=1 cout=0 ovflow=0
UVM_INFO: [PASS] max_no_cin | a=f b=f cin=0 | sum=e cout=1 ovflow=0
UVM_INFO: [PASS] max_with_cin | a=f b=f cin=1 | sum=f cout=1 ovflow=0
UVM_INFO: [PASS] signed_ovflow_pos | a=7 b=1 cin=0 | sum=8 cout=0 ovflow=1
UVM_INFO: [PASS] signed_ovflow_neg | a=8 b=8 cin=0 | sum=0 cout=1 ovflow=1
UVM_INFO: [PASS] no_ovflow_mixed | a=f b=1 cin=0 | sum=0 cout=1 ovflow=0
UVM_INFO: [PASS] boundary_msb | a=8 b=7 cin=0 | sum=f cout=0 ovflow=0
UVM_INFO: [PASS] cin_at_max | a=f b=0 cin=1 | sum=0 cout=1 ovflow=0
UVM_INFO: [PASS] identical_ops | a=5 b=5 cin=0 | sum=a cout=0 ovflow=1

--- Exhaustive (all 512 combinations) ---
UVM_INFO: [PASS] exhaustive_a0_b0_c0 | a=0 b=0 cin=0 | sum=0 cout=0 ovflow=0
UVM_INFO: [PASS] exhaustive_a0_b0_c1 | a=0 b=0 cin=1 | sum=1 cout=0 ovflow=0
UVM_INFO: [PASS] exhaustive_a0_b1_c0 | a=0 b=1 cin=0 | sum=1 cout=0 ovflow=0
UVM_INFO: [PASS] exhaustive_a0_b1_c1 | a=0 b=1 cin=1 | sum=2 cout=0 ovflow=0
UVM_INFO: [PASS] exhaustive_a0_b2_c0 | a=0 b=2 cin=0 | sum=2 cout=0 ovflow=0
UVM_INFO: [PASS] exhaustive_a0_b2_c1 | a=0 b=2 cin=1 | sum=3 cout=0 ovflow=0
UVM_INFO: [PASS] exhaustive_a0_b3_c0 | a=0 b=3 cin=0 | sum=3 cout=0 ovflow=0
UVM_INFO: [PASS] exhaustive_a0_b3_c1 | a=0 b=3 cin=1 | sum=4 cout=0 ovflow=0
UVM_INFO: [PASS] exhaustive_a0_b4_c0 | a=0 b=4 cin=0 | sum=4 cout=0 ovflow=0
UVM_INFO: [PASS] exhaustive_a0_b4_c1 | a=0 b=4 cin=1 | sum=5 cout=0 ovflow=0
UVM_INFO: [PASS] exhaustive_a0_b5_c0 | a=0 b=5 cin=0 | sum=5 cout=0 ovflow=0
UVM_INFO: [PASS] exhaustive_a0_b5_c1 | a=0 b=5 cin=1 | sum=6 cout=0 ovflow=0
UVM_INFO: [PASS] exhaustive_a0_b6_c0 | a=0 b=6 cin=0 | sum=6 cout=0 ovflow=0
UVM_INFO: [PASS] exhaustive_a0_b6_c1 | a=0 b=6 cin=1 | sum=7 cout=0 ovflow=0
UVM_INFO: [PASS] exhaustive_a0_b7_c0 | a=0 b=7 cin=0 | sum=7 cout=0 ovflow=0
UVM_INFO: [PASS] exhaustive_a0_b7_c1 | a=0 b=7 cin=1 | sum=8 cout=0 ovflow=1
UVM_INFO: [PASS] exhaustive_a0_b8_c0 | a=0 b=8 cin=0 | sum=8 cout=0 ovflow=0
UVM_INFO: [PASS] exhaustive_a0_b8_c1 | a=0 b=8 cin=1 | sum=9 cout=0 ovflow=0
UVM_INFO: [PASS] exhaustive_a0_b9_c0 | a=0 b=9 cin=0 | sum=9 cout=0 ovflow=0
UVM_INFO: [PASS] exhaustive_a0_b9_c1 | a=0 b=9 cin=1 | sum=a cout=0 ovflow=0
UVM_INFO: [PASS] exhaustive_a0_ba_c0 | a=0 b=a cin=0 | sum=a cout=0 ovflow=0
UVM_INFO: [PASS] exhaustive_a0_ba_c1 | a=0 b=a cin=1 | sum=b cout=0 ovflow=0
UVM_INFO: [PASS] exhaustive_a0_bb_c0 | a=0 b=b cin=0 | sum=b cout=0 ovflow=0
UVM_INFO: [PASS] exhaustive_a0_bb_c1 | a=0 b=b cin=1 | sum=c cout=0 ovflow=0
UVM_INFO: [PASS] exhaustive_a0_bc_c0 | a=0 b=c cin=0 | sum=c cout=0 ovflow=0
UVM_INFO: [PASS] exhaustive_a0_bc_c1 | a=0 b=c cin=1 | sum=d cout=0 ovflow=0
UVM_INFO: [PASS] exhaustive_a0_bd_c0 | a=0 b=d cin=0 | sum=d cout=0 ovflow=0
UVM_INFO: [PASS] exhaustive_a0_bd_c1 | a=0 b=d cin=1 | sum=e cout=0 ovflow=0
UVM_INFO: [PASS] exhaustive_a0_be_c0 | a=0 b=e cin=0 | sum=e cout=0 ovflow=0
UVM_INFO: [PASS] exhaustive_a0_be_c1 | a=0 b=e cin=1 | sum=f cout=0 ovflow=0
UVM_INFO: [PASS] exhaustive_a0_bf_c0 | a=0 b=f cin=0 | sum=f cout=0 ovflow=0
UVM_INFO: [PASS] exhaustive_a0_bf_c1 | a=0 b=f cin=1 | sum=0 cout=1 ovflow=0
UVM_INFO: [PASS] exhaustive_a1_b0_c0 | a=1 b=0 cin=0 | sum=1 cout=0 ovflow=0
UVM_INFO: [PASS] exhaustive_a1_b0_c1 | a=1 b=0 cin=1 | sum=2 cout=0 ovflow=0
UVM_INFO: [PASS] exhaustive_a1_b1_c0 | a=1 b=1 cin=0 | sum=2 cout=0 ovflow=0
UVM_INFO: [PASS] exhaustive_a1_b1_c1 | a=1 b=1 cin=1 | sum=3 cout=0 ovflow=0
UVM_INFO: [PASS] exhaustive_a1_b2_c0 | a=1 b=2 cin=0 | sum=3 cout=0 ovflow=0
UVM_INFO: [PASS] exhaustive_a1_b2_c1 | a=1 b=2 cin=1 | sum=4 cout=0 ovflow=0
UVM_INFO: [PASS] exhaustive_a1_b3_c0 | a=1 b=3 cin=0 | sum=4 cout=0 ovflow=0
UVM_INFO: [PASS] exhaustive_a1_b3_c1 | a=1 b=3 cin=1 | sum=5 cout=0 ovflow=0
UVM_INFO: [PASS] exhaustive_a1_b4_c0 | a=1 b=4 cin=0 | sum=5 cout=0 ovflow=0
UVM_INFO: [PASS] exhaustive_a1_b4_c1 | a=1 b=4 cin=1 | sum=6 cout=0 ovflow=0
UVM_INFO: [PASS] exhaustive_a1_b5_c0 | a=1 b=5 cin=0 | sum=6 cout=0 ovflow=0
UVM_INFO: [PASS] exhaustive_a1_b5_c1 | a=1 b=5 cin=1 | sum=7 cout=0 ovflow=0
UVM_INFO: [PASS] exhaustive_a1_b6_c0 | a=1 b=6 cin=0 | sum=7 cout=0 ovflow=0
UVM_INFO: [PASS] exhaustive_a1_b6_c1 | a=1 b=6 cin=1 | sum=8 cout=0 ovflow=1
UVM_INFO: [PASS] exhaustive_a1_b7_c0 | a=1 b=7 cin=0 | sum=8 cout=0 ovflow=1
UVM_INFO: [PASS] exhaustive_a1_b7_c1 | a=1 b=7 cin=1 | sum=9 cout=0 ovflow=1
UVM_INFO: [PASS] exhaustive_a1_b8_c0 | a=1 b=8 cin=0 | sum=9 cout=0 ovflow=0
UVM_INFO: [PASS] exhaustive_a1_b8_c1 | a=1 b=8 cin=1 | sum=a cout=0 ovflow=0
UVM_INFO: [PASS] exhaustive_a1_b9_c0 | a=1 b=9 cin=0 | sum=a cout=0 ovflow=0
UVM_INFO: [PASS] exhaustive_a1_b9_c1 | a=1 b=9 cin=1 | sum=b cout=0 ovflow=0
UVM_INFO: [PASS] exhaustive_a1_ba_c0 | a=1 b=a cin=0 | sum=b cout=0 ovflow=0
UVM_INFO: [PASS] exhaustive_a1_ba_c1 | a=1 b=a cin=1 | sum=c cout=0 ovflow=0
UVM_INFO: [PASS] exhaustive_a1_bb_c0 | a=1 b=b cin=0 | sum=c cout=0 ovflow=0
UVM_INFO: [PASS] exhaustive_a1_bb_c1 | a=1 b=b cin=1 | sum=d cout=0 ovflow=0
UVM_INFO: [PASS] exhaustive_a1_bc_c0 | a=1 b=c cin=0 | sum=d cout=0 ovflow=0
UVM_INFO: [PASS] exhaustive_a1_bc_c1 | a=1 b=c cin=1 | sum=e cout=0 ovflow=0
UVM_INFO: [PASS] exhaustive_a1_bd_c0 | a=1 b=d cin=0 | sum=e cout=0 ovflow=0
UVM_INFO: [PASS] exhaustive_a1_bd_c1 | a=1 b=d cin=1 | sum=f cout=0 ovflow=0
UVM_INFO: [PASS] exhaustive_a1_be_c0 | a=1 b=e cin=0 | sum=f cout=0 ovflow=0
UVM_INFO: [PASS] exhaustive_a1_be_c1 | a=1 b=e cin=1 | sum=0 cout=1 ovflow=0
UVM_INFO: [PASS] exhaustive_a1_bf_c0 | a=1 b=f cin=0 | sum=0 cout=1 ovflow=0
UVM_INFO: [PASS] exhaustive_a1_bf_c1 | a=1 b=f cin=1 | sum=1 cout=1 ovflow=0
UVM_INFO: [PASS] exhaustive_a2_b0_c0 | a=2 b=0 cin=0 | sum=2 cout=0 ovflow=0
UVM_INFO: [PASS] exhaustive_a2_b0_c1 | a=2 b=0 cin=1 | sum=3 cout=0 ovflow=0
UVM_INFO: [PASS] exhaustive_a2_b1_c0 | a=2 b=1 cin=0 | sum=3 cout=0 ovflow=0
UVM_INFO: [PASS] exhaustive_a2_b1_c1 | a=2 b=1 cin=1 | sum=4 cout=0 ovflow=0
UVM_INFO: [PASS] exhaustive_a2_b2_c0 | a=2 b=2 cin=0 | sum=4 cout=0 ovflow=0
UVM_INFO: [PASS] exhaustive_a2_b2_c1 | a=2 b=2 cin=1 | sum=5 cout=0 ovflow=0
UVM_INFO: [PASS] exhaustive_a2_b3_c0 | a=2 b=3 cin=0 | sum=5 cout=0 ovflow=0
UVM_INFO: [PASS] exhaustive_a2_b3_c1 | a=2 b=3 cin=1 | sum=6 cout=0 ovflow=0
UVM_INFO: [PASS] exhaustive_a2_b4_c0 | a=2 b=4 cin=0 | sum=6 cout=0 ovflow=0
UVM_INFO: [PASS] exhaustive_a2_b4_c1 | a=2 b=4 cin=1 | sum=7 cout=0 ovflow=0
UVM_INFO: [PASS] exhaustive_a2_b5_c0 | a=2 b=5 cin=0 | sum=7 cout=0 ovflow=0
UVM_INFO: [PASS] exhaustive_a2_b5_c1 | a=2 b=5 cin=1 | sum=8 cout=0 ovflow=1
UVM_INFO: [PASS] exhaustive_a2_b6_c0 | a=2 b=6 cin=0 | sum=8 cout=0 ovflow=1
UVM_INFO: [PASS] exhaustive_a2_b6_c1 | a=2 b=6 cin=1 | sum=9 cout=0 ovflow=1
UVM_INFO: [PASS] exhaustive_a2_b7_c0 | a=2 b=7 cin=0 | sum=9 cout=0 ovflow=1
UVM_INFO: [PASS] exhaustive_a2_b7_c1 | a=2 b=7 cin=1 | sum=a cout=0 ovflow=1
UVM_INFO: [PASS] exhaustive_a2_b8_c0 | a=2 b=8 cin=0 | sum=a cout=0 ovflow=0
UVM_INFO: [PASS] exhaustive_a2_b8_c1 | a=2 b=8 cin=1 | sum=b cout=0 ovflow=0
UVM_INFO: [PASS] exhaustive_a2_b9_c0 | a=2 b=9 cin=0 | sum=b cout=0 ovflow=0
UVM_INFO: [PASS] exhaustive_a2_b9_c1 | a=2 b=9 cin=1 | sum=c cout=0 ovflow=0
UVM_INFO: [PASS] exhaustive_a2_ba_c0 | a=2 b=a cin=0 | sum=c cout=0 ovflow=0
UVM_INFO: [PASS] exhaustive_a2_ba_c1 | a=2 b=a cin=1 | sum=d cout=0 ovflow=0
UVM_INFO: [PASS] exhaustive_a2_bb_c0 | a=2 b=b cin=0 | sum=d cout=0 ovflow=0
UVM_INFO: [PASS] exhaustive_a2_bb_c1 | a=2 b=b cin=1 | sum=e cout=0 ovflow=0
UVM_INFO: [PASS] exhaustive_a2_bc_c0 | a=2 b=c cin=0 | sum=e cout=0 ovflow=0
UVM_INFO: [PASS] exhaustive_a2_bc_c1 | a=2 b=c cin=1 | sum=f cout=0 ovflow=0
UVM_INFO: [PASS] exhaustive_a2_bd_c0 | a=2 b=d cin=0 | sum=f cout=0 ovflow=0
UVM_INFO: [PASS] exhaustive_a2_bd_c1 | a=2 b=d cin=1 | sum=0 cout=1 ovflow=0
UVM_INFO: [PASS] exhaustive_a2_be_c0 | a=2 b=e cin=0 | sum=0 cout=1 ovflow=0
UVM_INFO: [PASS] exhaustive_a2_be_c1 | a=2 b=e cin=1 | sum=1 cout=1 ovflow=0
UVM_INFO: [PASS] exhaustive_a2_bf_c0 | a=2 b=f cin=0 | sum=1 cout=1 ovflow=0
UVM_INFO: [PASS] exhaustive_a2_bf_c1 | a=2 b=f cin=1 | sum=2 cout=1 ovflow=0
UVM_INFO: [PASS] exhaustive_a3_b0_c0 | a=3 b=0 cin=0 | sum=3 cout=0 ovflow=0
UVM_INFO: [PASS] exhaustive_a3_b0_c1 | a=3 b=0 cin=1 | sum=4 cout=0 ovflow=0
UVM_INFO: [PASS] exhaustive_a3_b1_c0 | a=3 b=1 cin=0 | sum=4 cout=0 ovflow=0
UVM_INFO: [PASS] exhaustive_a3_b1_c1 | a=3 b=1 cin=1 | sum=5 cout=0 ovflow=0
UVM_INFO: [PASS] exhaustive_a3_b2_c0 | a=3 b=2 cin=0 | sum=5 cout=0 ovflow=0
UVM_INFO: [PASS] exhaustive_a3_b2_c1 | a=3 b=2 cin=1 | sum=6 cout=0 ovflow=0
UVM_INFO: [PASS] exhaustive_a3_b3_c0 | a=3 b=3 cin=0 | sum=6 cout=0 ovflow=0
UVM_INFO: [PASS] exhaustive_a3_b3_c1 | a=3 b=3 cin=1 | sum=7 cout=0 ovflow=0
UVM_INFO: [PASS] exhaustive_a3_b4_c0 | a=3 b=4 cin=0 | sum=7 cout=0 ovflow=0
UVM_INFO: [PASS] exhaustive_a3_b4_c1 | a=3 b=4 cin=1 | sum=8 cout=0 ovflow=1
UVM_INFO: [PASS] exhaustive_a3_b5_c0 | a=3 b=5 cin=0 | sum=8 cout=0 ovflow=1
UVM_INFO: [PASS] exhaustive_a3_b5_c1 | a=3 b=5 cin=1 | sum=9 cout=0 ovflow=1
UVM_INFO: [PASS] exhaustive_a3_b6_c0 | a=3 b=6 cin=0 | sum=9 cout=0 ovflow=1
UVM_INFO: [PASS] exhaustive_a3_b6_c1 | a=3 b=6 cin=1 | sum=a cout=0 ovflow=1
UVM_INFO: [PASS] exhaustive_a3_b7_c0 | a=3 b=7 cin=0 | sum=a cout=0 ovflow=1
UVM_INFO: [PASS] exhaustive_a3_b7_c1 | a=3 b=7 cin=1 | sum=b cout=0 ovflow=1
UVM_INFO: [PASS] exhaustive_a3_b8_c0 | a=3 b=8 cin=0 | sum=b cout=0 ovflow=0
UVM_INFO: [PASS] exhaustive_a3_b8_c1 | a=3 b=8 cin=1 | sum=c cout=0 ovflow=0
UVM_INFO: [PASS] exhaustive_a3_b9_c0 | a=3 b=9 cin=0 | sum=c cout=0 ovflow=0
UVM_INFO: [PASS] exhaustive_a3_b9_c1 | a=3 b=9 cin=1 | sum=d cout=0 ovflow=0
UVM_INFO: [PASS] exhaustive_a3_ba_c0 | a=3 b=a cin=0 | sum=d cout=0 ovflow=0
UVM_INFO: [PASS] exhaustive_a3_ba_c1 | a=3 b=a cin=1 | sum=e cout=0 ovflow=0
UVM_INFO: [PASS] exhaustive_a3_bb_c0 | a=3 b=b cin=0 | sum=e cout=0 ovflow=0
UVM_INFO: [PASS] exhaustive_a3_bb_c1 | a=3 b=b cin=1 | sum=f cout=0 ovflow=0
UVM_INFO: [PASS] exhaustive_a3_bc_c0 | a=3 b=c cin=0 | sum=f cout=0 ovflow=0
UVM_INFO: [PASS] exhaustive_a3_bc_c1 | a=3 b=c cin=1 | sum=0 cout=1 ovflow=0
UVM_INFO: [PASS] exhaustive_a3_bd_c0 | a=3 b=d cin=0 | sum=0 cout=1 ovflow=0
UVM_INFO: [PASS] exhaustive_a3_bd_c1 | a=3 b=d cin=1 | sum=1 cout=1 ovflow=0
UVM_INFO: [PASS] exhaustive_a3_be_c0 | a=3 b=e cin=0 | sum=1 cout=1 ovflow=0
UVM_INFO: [PASS] exhaustive_a3_be_c1 | a=3 b=e cin=1 | sum=2 cout=1 ovflow=0
UVM_INFO: [PASS] exhaustive_a3_bf_c0 | a=3 b=f cin=0 | sum=2 cout=1 ovflow=0
UVM_INFO: [PASS] exhaustive_a3_bf_c1 | a=3 b=f cin=1 | sum=3 cout=1 ovflow=0
UVM_INFO: [PASS] exhaustive_a4_b0_c0 | a=4 b=0 cin=0 | sum=4 cout=0 ovflow=0
UVM_INFO: [PASS] exhaustive_a4_b0_c1 | a=4 b=0 cin=1 | sum=5 cout=0 ovflow=0
UVM_INFO: [PASS] exhaustive_a4_b1_c0 | a=4 b=1 cin=0 | sum=5 cout=0 ovflow=0
UVM_INFO: [PASS] exhaustive_a4_b1_c1 | a=4 b=1 cin=1 | sum=6 cout=0 ovflow=0
UVM_INFO: [PASS] exhaustive_a4_b2_c0 | a=4 b=2 cin=0 | sum=6 cout=0 ovflow=0
UVM_INFO: [PASS] exhaustive_a4_b2_c1 | a=4 b=2 cin=1 | sum=7 cout=0 ovflow=0
UVM_INFO: [PASS] exhaustive_a4_b3_c0 | a=4 b=3 cin=0 | sum=7 cout=0 ovflow=0
UVM_INFO: [PASS] exhaustive_a4_b3_c1 | a=4 b=3 cin=1 | sum=8 cout=0 ovflow=1
UVM_INFO: [PASS] exhaustive_a4_b4_c0 | a=4 b=4 cin=0 | sum=8 cout=0 ovflow=1
UVM_INFO: [PASS] exhaustive_a4_b4_c1 | a=4 b=4 cin=1 | sum=9 cout=0 ovflow=1
UVM_INFO: [PASS] exhaustive_a4_b5_c0 | a=4 b=5 cin=0 | sum=9 cout=0 ovflow=1
UVM_INFO: [PASS] exhaustive_a4_b5_c1 | a=4 b=5 cin=1 | sum=a cout=0 ovflow=1
UVM_INFO: [PASS] exhaustive_a4_b6_c0 | a=4 b=6 cin=0 | sum=a cout=0 ovflow=1
UVM_INFO: [PASS] exhaustive_a4_b6_c1 | a=4 b=6 cin=1 | sum=b cout=0 ovflow=1
UVM_INFO: [PASS] exhaustive_a4_b7_c0 | a=4 b=7 cin=0 | sum=b cout=0 ovflow=1
UVM_INFO: [PASS] exhaustive_a4_b7_c1 | a=4 b=7 cin=1 | sum=c cout=0 ovflow=1
UVM_INFO: [PASS] exhaustive_a4_b8_c0 | a=4 b=8 cin=0 | sum=c cout=0 ovflow=0
UVM_INFO: [PASS] exhaustive_a4_b8_c1 | a=4 b=8 cin=1 | sum=d cout=0 ovflow=0
UVM_INFO: [PASS] exhaustive_a4_b9_c0 | a=4 b=9 cin=0 | sum=d cout=0 ovflow=0
UVM_INFO: [PASS] exhaustive_a4_b9_c1 | a=4 b=9 cin=1 | sum=e cout=0 ovflow=0
UVM_INFO: [PASS] exhaustive_a4_ba_c0 | a=4 b=a cin=0 | sum=e cout=0 ovflow=0
UVM_INFO: [PASS] exhaustive_a4_ba_c1 | a=4 b=a cin=1 | sum=f cout=0 ovflow=0
UVM_INFO: [PASS] exhaustive_a4_bb_c0 | a=4 b=b cin=0 | sum=f cout=0 ovflow=0
UVM_INFO: [PASS] exhaustive_a4_bb_c1 | a=4 b=b cin=1 | sum=0 cout=1 ovflow=0
UVM_INFO: [PASS] exhaustive_a4_bc_c0 | a=4 b=c cin=0 | sum=0 cout=1 ovflow=0
UVM_INFO: [PASS] exhaustive_a4_bc_c1 | a=4 b=c cin=1 | sum=1 cout=1 ovflow=0
UVM_INFO: [PASS] exhaustive_a4_bd_c0 | a=4 b=d cin=0 | sum=1 cout=1 ovflow=0
UVM_INFO: [PASS] exhaustive_a4_bd_c1 | a=4 b=d cin=1 | sum=2 cout=1 ovflow=0
UVM_INFO: [PASS] exhaustive_a4_be_c0 | a=4 b=e cin=0 | sum=2 cout=1 ovflow=0
UVM_INFO: [PASS] exhaustive_a4_be_c1 | a=4 b=e cin=1 | sum=3 cout=1 ovflow=0
UVM_INFO: [PASS] exhaustive_a4_bf_c0 | a=4 b=f cin=0 | sum=3 cout=1 ovflow=0
UVM_INFO: [PASS] exhaustive_a4_bf_c1 | a=4 b=f cin=1 | sum=4 cout=1 ovflow=0
UVM_INFO: [PASS] exhaustive_a5_b0_c0 | a=5 b=0 cin=0 | sum=5 cout=0 ovflow=0
UVM_INFO: [PASS] exhaustive_a5_b0_c1 | a=5 b=0 cin=1 | sum=6 cout=0 ovflow=0
UVM_INFO: [PASS] exhaustive_a5_b1_c0 | a=5 b=1 cin=0 | sum=6 cout=0 ovflow=0
UVM_INFO: [PASS] exhaustive_a5_b1_c1 | a=5 b=1 cin=1 | sum=7 cout=0 ovflow=0
UVM_INFO: [PASS] exhaustive_a5_b2_c0 | a=5 b=2 cin=0 | sum=7 cout=0 ovflow=0
UVM_INFO: [PASS] exhaustive_a5_b2_c1 | a=5 b=2 cin=1 | sum=8 cout=0 ovflow=1
UVM_INFO: [PASS] exhaustive_a5_b3_c0 | a=5 b=3 cin=0 | sum=8 cout=0 ovflow=1
UVM_INFO: [PASS] exhaustive_a5_b3_c1 | a=5 b=3 cin=1 | sum=9 cout=0 ovflow=1
UVM_INFO: [PASS] exhaustive_a5_b4_c0 | a=5 b=4 cin=0 | sum=9 cout=0 ovflow=1
UVM_INFO: [PASS] exhaustive_a5_b4_c1 | a=5 b=4 cin=1 | sum=a cout=0 ovflow=1
UVM_INFO: [PASS] exhaustive_a5_b5_c0 | a=5 b=5 cin=0 | sum=a cout=0 ovflow=1
UVM_INFO: [PASS] exhaustive_a5_b5_c1 | a=5 b=5 cin=1 | sum=b cout=0 ovflow=1
UVM_INFO: [PASS] exhaustive_a5_b6_c0 | a=5 b=6 cin=0 | sum=b cout=0 ovflow=1
UVM_INFO: [PASS] exhaustive_a5_b6_c1 | a=5 b=6 cin=1 | sum=c cout=0 ovflow=1
UVM_INFO: [PASS] exhaustive_a5_b7_c0 | a=5 b=7 cin=0 | sum=c cout=0 ovflow=1
UVM_INFO: [PASS] exhaustive_a5_b7_c1 | a=5 b=7 cin=1 | sum=d cout=0 ovflow=1
UVM_INFO: [PASS] exhaustive_a5_b8_c0 | a=5 b=8 cin=0 | sum=d cout=0 ovflow=0
UVM_INFO: [PASS] exhaustive_a5_b8_c1 | a=5 b=8 cin=1 | sum=e cout=0 ovflow=0
UVM_INFO: [PASS] exhaustive_a5_b9_c0 | a=5 b=9 cin=0 | sum=e cout=0 ovflow=0
UVM_INFO: [PASS] exhaustive_a5_b9_c1 | a=5 b=9 cin=1 | sum=f cout=0 ovflow=0
UVM_INFO: [PASS] exhaustive_a5_ba_c0 | a=5 b=a cin=0 | sum=f cout=0 ovflow=0
UVM_INFO: [PASS] exhaustive_a5_ba_c1 | a=5 b=a cin=1 | sum=0 cout=1 ovflow=0
UVM_INFO: [PASS] exhaustive_a5_bb_c0 | a=5 b=b cin=0 | sum=0 cout=1 ovflow=0
UVM_INFO: [PASS] exhaustive_a5_bb_c1 | a=5 b=b cin=1 | sum=1 cout=1 ovflow=0
UVM_INFO: [PASS] exhaustive_a5_bc_c0 | a=5 b=c cin=0 | sum=1 cout=1 ovflow=0
UVM_INFO: [PASS] exhaustive_a5_bc_c1 | a=5 b=c cin=1 | sum=2 cout=1 ovflow=0
UVM_INFO: [PASS] exhaustive_a5_bd_c0 | a=5 b=d cin=0 | sum=2 cout=1 ovflow=0
UVM_INFO: [PASS] exhaustive_a5_bd_c1 | a=5 b=d cin=1 | sum=3 cout=1 ovflow=0
UVM_INFO: [PASS] exhaustive_a5_be_c0 | a=5 b=e cin=0 | sum=3 cout=1 ovflow=0
UVM_INFO: [PASS] exhaustive_a5_be_c1 | a=5 b=e cin=1 | sum=4 cout=1 ovflow=0
UVM_INFO: [PASS] exhaustive_a5_bf_c0 | a=5 b=f cin=0 | sum=4 cout=1 ovflow=0
UVM_INFO: [PASS] exhaustive_a5_bf_c1 | a=5 b=f cin=1 | sum=5 cout=1 ovflow=0
UVM_INFO: [PASS] exhaustive_a6_b0_c0 | a=6 b=0 cin=0 | sum=6 cout=0 ovflow=0
UVM_INFO: [PASS] exhaustive_a6_b0_c1 | a=6 b=0 cin=1 | sum=7 cout=0 ovflow=0
UVM_INFO: [PASS] exhaustive_a6_b1_c0 | a=6 b=1 cin=0 | sum=7 cout=0 ovflow=0
UVM_INFO: [PASS] exhaustive_a6_b1_c1 | a=6 b=1 cin=1 | sum=8 cout=0 ovflow=1
UVM_INFO: [PASS] exhaustive_a6_b2_c0 | a=6 b=2 cin=0 | sum=8 cout=0 ovflow=1
UVM_INFO: [PASS] exhaustive_a6_b2_c1 | a=6 b=2 cin=1 | sum=9 cout=0 ovflow=1
UVM_INFO: [PASS] exhaustive_a6_b3_c0 | a=6 b=3 cin=0 | sum=9 cout=0 ovflow=1
UVM_INFO: [PASS] exhaustive_a6_b3_c1 | a=6 b=3 cin=1 | sum=a cout=0 ovflow=1
UVM_INFO: [PASS] exhaustive_a6_b4_c0 | a=6 b=4 cin=0 | sum=a cout=0 ovflow=1
UVM_INFO: [PASS] exhaustive_a6_b4_c1 | a=6 b=4 cin=1 | sum=b cout=0 ovflow=1
UVM_INFO: [PASS] exhaustive_a6_b5_c0 | a=6 b=5 cin=0 | sum=b cout=0 ovflow=1
UVM_INFO: [PASS] exhaustive_a6_b5_c1 | a=6 b=5 cin=1 | sum=c cout=0 ovflow=1
UVM_INFO: [PASS] exhaustive_a6_b6_c0 | a=6 b=6 cin=0 | sum=c cout=0 ovflow=1
UVM_INFO: [PASS] exhaustive_a6_b6_c1 | a=6 b=6 cin=1 | sum=d cout=0 ovflow=1
UVM_INFO: [PASS] exhaustive_a6_b7_c0 | a=6 b=7 cin=0 | sum=d cout=0 ovflow=1
UVM_INFO: [PASS] exhaustive_a6_b7_c1 | a=6 b=7 cin=1 | sum=e cout=0 ovflow=1
UVM_INFO: [PASS] exhaustive_a6_b8_c0 | a=6 b=8 cin=0 | sum=e cout=0 ovflow=0
UVM_INFO: [PASS] exhaustive_a6_b8_c1 | a=6 b=8 cin=1 | sum=f cout=0 ovflow=0
UVM_INFO: [PASS] exhaustive_a6_b9_c0 | a=6 b=9 cin=0 | sum=f cout=0 ovflow=0
UVM_INFO: [PASS] exhaustive_a6_b9_c1 | a=6 b=9 cin=1 | sum=0 cout=1 ovflow=0
UVM_INFO: [PASS] exhaustive_a6_ba_c0 | a=6 b=a cin=0 | sum=0 cout=1 ovflow=0
UVM_INFO: [PASS] exhaustive_a6_ba_c1 | a=6 b=a cin=1 | sum=1 cout=1 ovflow=0
UVM_INFO: [PASS] exhaustive_a6_bb_c0 | a=6 b=b cin=0 | sum=1 cout=1 ovflow=0
UVM_INFO: [PASS] exhaustive_a6_bb_c1 | a=6 b=b cin=1 | sum=2 cout=1 ovflow=0
UVM_INFO: [PASS] exhaustive_a6_bc_c0 | a=6 b=c cin=0 | sum=2 cout=1 ovflow=0
UVM_INFO: [PASS] exhaustive_a6_bc_c1 | a=6 b=c cin=1 | sum=3 cout=1 ovflow=0
UVM_INFO: [PASS] exhaustive_a6_bd_c0 | a=6 b=d cin=0 | sum=3 cout=1 ovflow=0
UVM_INFO: [PASS] exhaustive_a6_bd_c1 | a=6 b=d cin=1 | sum=4 cout=1 ovflow=0
UVM_INFO: [PASS] exhaustive_a6_be_c0 | a=6 b=e cin=0 | sum=4 cout=1 ovflow=0
UVM_INFO: [PASS] exhaustive_a6_be_c1 | a=6 b=e cin=1 | sum=5 cout=1 ovflow=0
UVM_INFO: [PASS] exhaustive_a6_bf_c0 | a=6 b=f cin=0 | sum=5 cout=1 ovflow=0
UVM_INFO: [PASS] exhaustive_a6_bf_c1 | a=6 b=f cin=1 | sum=6 cout=1 ovflow=0
UVM_INFO: [PASS] exhaustive_a7_b0_c0 | a=7 b=0 cin=0 | sum=7 cout=0 ovflow=0
UVM_INFO: [PASS] exhaustive_a7_b0_c1 | a=7 b=0 cin=1 | sum=8 cout=0 ovflow=1
UVM_INFO: [PASS] exhaustive_a7_b1_c0 | a=7 b=1 cin=0 | sum=8 cout=0 ovflow=1
UVM_INFO: [PASS] exhaustive_a7_b1_c1 | a=7 b=1 cin=1 | sum=9 cout=0 ovflow=1
UVM_INFO: [PASS] exhaustive_a7_b2_c0 | a=7 b=2 cin=0 | sum=9 cout=0 ovflow=1
UVM_INFO: [PASS] exhaustive_a7_b2_c1 | a=7 b=2 cin=1 | sum=a cout=0 ovflow=1
UVM_INFO: [PASS] exhaustive_a7_b3_c0 | a=7 b=3 cin=0 | sum=a cout=0 ovflow=1
UVM_INFO: [PASS] exhaustive_a7_b3_c1 | a=7 b=3 cin=1 | sum=b cout=0 ovflow=1
UVM_INFO: [PASS] exhaustive_a7_b4_c0 | a=7 b=4 cin=0 | sum=b cout=0 ovflow=1
UVM_INFO: [PASS] exhaustive_a7_b4_c1 | a=7 b=4 cin=1 | sum=c cout=0 ovflow=1
UVM_INFO: [PASS] exhaustive_a7_b5_c0 | a=7 b=5 cin=0 | sum=c cout=0 ovflow=1
UVM_INFO: [PASS] exhaustive_a7_b5_c1 | a=7 b=5 cin=1 | sum=d cout=0 ovflow=1
UVM_INFO: [PASS] exhaustive_a7_b6_c0 | a=7 b=6 cin=0 | sum=d cout=0 ovflow=1
UVM_INFO: [PASS] exhaustive_a7_b6_c1 | a=7 b=6 cin=1 | sum=e cout=0 ovflow=1
UVM_INFO: [PASS] exhaustive_a7_b7_c0 | a=7 b=7 cin=0 | sum=e cout=0 ovflow=1
UVM_INFO: [PASS] exhaustive_a7_b7_c1 | a=7 b=7 cin=1 | sum=f cout=0 ovflow=1
UVM_INFO: [PASS] exhaustive_a7_b8_c0 | a=7 b=8 cin=0 | sum=f cout=0 ovflow=0
UVM_INFO: [PASS] exhaustive_a7_b8_c1 | a=7 b=8 cin=1 | sum=0 cout=1 ovflow=0
UVM_INFO: [PASS] exhaustive_a7_b9_c0 | a=7 b=9 cin=0 | sum=0 cout=1 ovflow=0
UVM_INFO: [PASS] exhaustive_a7_b9_c1 | a=7 b=9 cin=1 | sum=1 cout=1 ovflow=0
UVM_INFO: [PASS] exhaustive_a7_ba_c0 | a=7 b=a cin=0 | sum=1 cout=1 ovflow=0
UVM_INFO: [PASS] exhaustive_a7_ba_c1 | a=7 b=a cin=1 | sum=2 cout=1 ovflow=0
UVM_INFO: [PASS] exhaustive_a7_bb_c0 | a=7 b=b cin=0 | sum=2 cout=1 ovflow=0
UVM_INFO: [PASS] exhaustive_a7_bb_c1 | a=7 b=b cin=1 | sum=3 cout=1 ovflow=0
UVM_INFO: [PASS] exhaustive_a7_bc_c0 | a=7 b=c cin=0 | sum=3 cout=1 ovflow=0
UVM_INFO: [PASS] exhaustive_a7_bc_c1 | a=7 b=c cin=1 | sum=4 cout=1 ovflow=0
UVM_INFO: [PASS] exhaustive_a7_bd_c0 | a=7 b=d cin=0 | sum=4 cout=1 ovflow=0
UVM_INFO: [PASS] exhaustive_a7_bd_c1 | a=7 b=d cin=1 | sum=5 cout=1 ovflow=0
UVM_INFO: [PASS] exhaustive_a7_be_c0 | a=7 b=e cin=0 | sum=5 cout=1 ovflow=0
UVM_INFO: [PASS] exhaustive_a7_be_c1 | a=7 b=e cin=1 | sum=6 cout=1 ovflow=0
UVM_INFO: [PASS] exhaustive_a7_bf_c0 | a=7 b=f cin=0 | sum=6 cout=1 ovflow=0
UVM_INFO: [PASS] exhaustive_a7_bf_c1 | a=7 b=f cin=1 | sum=7 cout=1 ovflow=0
UVM_INFO: [PASS] exhaustive_a8_b0_c0 | a=8 b=0 cin=0 | sum=8 cout=0 ovflow=0
UVM_INFO: [PASS] exhaustive_a8_b0_c1 | a=8 b=0 cin=1 | sum=9 cout=0 ovflow=0
UVM_INFO: [PASS] exhaustive_a8_b1_c0 | a=8 b=1 cin=0 | sum=9 cout=0 ovflow=0
UVM_INFO: [PASS] exhaustive_a8_b1_c1 | a=8 b=1 cin=1 | sum=a cout=0 ovflow=0
UVM_INFO: [PASS] exhaustive_a8_b2_c0 | a=8 b=2 cin=0 | sum=a cout=0 ovflow=0
UVM_INFO: [PASS] exhaustive_a8_b2_c1 | a=8 b=2 cin=1 | sum=b cout=0 ovflow=0
UVM_INFO: [PASS] exhaustive_a8_b3_c0 | a=8 b=3 cin=0 | sum=b cout=0 ovflow=0
UVM_INFO: [PASS] exhaustive_a8_b3_c1 | a=8 b=3 cin=1 | sum=c cout=0 ovflow=0
UVM_INFO: [PASS] exhaustive_a8_b4_c0 | a=8 b=4 cin=0 | sum=c cout=0 ovflow=0
UVM_INFO: [PASS] exhaustive_a8_b4_c1 | a=8 b=4 cin=1 | sum=d cout=0 ovflow=0
UVM_INFO: [PASS] exhaustive_a8_b5_c0 | a=8 b=5 cin=0 | sum=d cout=0 ovflow=0
UVM_INFO: [PASS] exhaustive_a8_b5_c1 | a=8 b=5 cin=1 | sum=e cout=0 ovflow=0
UVM_INFO: [PASS] exhaustive_a8_b6_c0 | a=8 b=6 cin=0 | sum=e cout=0 ovflow=0
UVM_INFO: [PASS] exhaustive_a8_b6_c1 | a=8 b=6 cin=1 | sum=f cout=0 ovflow=0
UVM_INFO: [PASS] exhaustive_a8_b7_c0 | a=8 b=7 cin=0 | sum=f cout=0 ovflow=0
UVM_INFO: [PASS] exhaustive_a8_b7_c1 | a=8 b=7 cin=1 | sum=0 cout=1 ovflow=0
UVM_INFO: [PASS] exhaustive_a8_b8_c0 | a=8 b=8 cin=0 | sum=0 cout=1 ovflow=1
UVM_INFO: [PASS] exhaustive_a8_b8_c1 | a=8 b=8 cin=1 | sum=1 cout=1 ovflow=1
UVM_INFO: [PASS] exhaustive_a8_b9_c0 | a=8 b=9 cin=0 | sum=1 cout=1 ovflow=1
UVM_INFO: [PASS] exhaustive_a8_b9_c1 | a=8 b=9 cin=1 | sum=2 cout=1 ovflow=1
UVM_INFO: [PASS] exhaustive_a8_ba_c0 | a=8 b=a cin=0 | sum=2 cout=1 ovflow=1
UVM_INFO: [PASS] exhaustive_a8_ba_c1 | a=8 b=a cin=1 | sum=3 cout=1 ovflow=1
UVM_INFO: [PASS] exhaustive_a8_bb_c0 | a=8 b=b cin=0 | sum=3 cout=1 ovflow=1
UVM_INFO: [PASS] exhaustive_a8_bb_c1 | a=8 b=b cin=1 | sum=4 cout=1 ovflow=1
UVM_INFO: [PASS] exhaustive_a8_bc_c0 | a=8 b=c cin=0 | sum=4 cout=1 ovflow=1
UVM_INFO: [PASS] exhaustive_a8_bc_c1 | a=8 b=c cin=1 | sum=5 cout=1 ovflow=1
UVM_INFO: [PASS] exhaustive_a8_bd_c0 | a=8 b=d cin=0 | sum=5 cout=1 ovflow=1
UVM_INFO: [PASS] exhaustive_a8_bd_c1 | a=8 b=d cin=1 | sum=6 cout=1 ovflow=1
UVM_INFO: [PASS] exhaustive_a8_be_c0 | a=8 b=e cin=0 | sum=6 cout=1 ovflow=1
UVM_INFO: [PASS] exhaustive_a8_be_c1 | a=8 b=e cin=1 | sum=7 cout=1 ovflow=1
UVM_INFO: [PASS] exhaustive_a8_bf_c0 | a=8 b=f cin=0 | sum=7 cout=1 ovflow=1
UVM_INFO: [PASS] exhaustive_a8_bf_c1 | a=8 b=f cin=1 | sum=8 cout=1 ovflow=0
UVM_INFO: [PASS] exhaustive_a9_b0_c0 | a=9 b=0 cin=0 | sum=9 cout=0 ovflow=0
UVM_INFO: [PASS] exhaustive_a9_b0_c1 | a=9 b=0 cin=1 | sum=a cout=0 ovflow=0
UVM_INFO: [PASS] exhaustive_a9_b1_c0 | a=9 b=1 cin=0 | sum=a cout=0 ovflow=0
UVM_INFO: [PASS] exhaustive_a9_b1_c1 | a=9 b=1 cin=1 | sum=b cout=0 ovflow=0
UVM_INFO: [PASS] exhaustive_a9_b2_c0 | a=9 b=2 cin=0 | sum=b cout=0 ovflow=0
UVM_INFO: [PASS] exhaustive_a9_b2_c1 | a=9 b=2 cin=1 | sum=c cout=0 ovflow=0
UVM_INFO: [PASS] exhaustive_a9_b3_c0 | a=9 b=3 cin=0 | sum=c cout=0 ovflow=0
UVM_INFO: [PASS] exhaustive_a9_b3_c1 | a=9 b=3 cin=1 | sum=d cout=0 ovflow=0
UVM_INFO: [PASS] exhaustive_a9_b4_c0 | a=9 b=4 cin=0 | sum=d cout=0 ovflow=0
UVM_INFO: [PASS] exhaustive_a9_b4_c1 | a=9 b=4 cin=1 | sum=e cout=0 ovflow=0
UVM_INFO: [PASS] exhaustive_a9_b5_c0 | a=9 b=5 cin=0 | sum=e cout=0 ovflow=0
UVM_INFO: [PASS] exhaustive_a9_b5_c1 | a=9 b=5 cin=1 | sum=f cout=0 ovflow=0
UVM_INFO: [PASS] exhaustive_a9_b6_c0 | a=9 b=6 cin=0 | sum=f cout=0 ovflow=0
UVM_INFO: [PASS] exhaustive_a9_b6_c1 | a=9 b=6 cin=1 | sum=0 cout=1 ovflow=0
UVM_INFO: [PASS] exhaustive_a9_b7_c0 | a=9 b=7 cin=0 | sum=0 cout=1 ovflow=0
UVM_INFO: [PASS] exhaustive_a9_b7_c1 | a=9 b=7 cin=1 | sum=1 cout=1 ovflow=0
UVM_INFO: [PASS] exhaustive_a9_b8_c0 | a=9 b=8 cin=0 | sum=1 cout=1 ovflow=1
UVM_INFO: [PASS] exhaustive_a9_b8_c1 | a=9 b=8 cin=1 | sum=2 cout=1 ovflow=1
UVM_INFO: [PASS] exhaustive_a9_b9_c0 | a=9 b=9 cin=0 | sum=2 cout=1 ovflow=1
UVM_INFO: [PASS] exhaustive_a9_b9_c1 | a=9 b=9 cin=1 | sum=3 cout=1 ovflow=1
UVM_INFO: [PASS] exhaustive_a9_ba_c0 | a=9 b=a cin=0 | sum=3 cout=1 ovflow=1
UVM_INFO: [PASS] exhaustive_a9_ba_c1 | a=9 b=a cin=1 | sum=4 cout=1 ovflow=1
UVM_INFO: [PASS] exhaustive_a9_bb_c0 | a=9 b=b cin=0 | sum=4 cout=1 ovflow=1
UVM_INFO: [PASS] exhaustive_a9_bb_c1 | a=9 b=b cin=1 | sum=5 cout=1 ovflow=1
UVM_INFO: [PASS] exhaustive_a9_bc_c0 | a=9 b=c cin=0 | sum=5 cout=1 ovflow=1
UVM_INFO: [PASS] exhaustive_a9_bc_c1 | a=9 b=c cin=1 | sum=6 cout=1 ovflow=1
UVM_INFO: [PASS] exhaustive_a9_bd_c0 | a=9 b=d cin=0 | sum=6 cout=1 ovflow=1
UVM_INFO: [PASS] exhaustive_a9_bd_c1 | a=9 b=d cin=1 | sum=7 cout=1 ovflow=1
UVM_INFO: [PASS] exhaustive_a9_be_c0 | a=9 b=e cin=0 | sum=7 cout=1 ovflow=1
UVM_INFO: [PASS] exhaustive_a9_be_c1 | a=9 b=e cin=1 | sum=8 cout=1 ovflow=0
UVM_INFO: [PASS] exhaustive_a9_bf_c0 | a=9 b=f cin=0 | sum=8 cout=1 ovflow=0
UVM_INFO: [PASS] exhaustive_a9_bf_c1 | a=9 b=f cin=1 | sum=9 cout=1 ovflow=0
UVM_INFO: [PASS] exhaustive_aa_b0_c0 | a=a b=0 cin=0 | sum=a cout=0 ovflow=0
UVM_INFO: [PASS] exhaustive_aa_b0_c1 | a=a b=0 cin=1 | sum=b cout=0 ovflow=0
UVM_INFO: [PASS] exhaustive_aa_b1_c0 | a=a b=1 cin=0 | sum=b cout=0 ovflow=0
UVM_INFO: [PASS] exhaustive_aa_b1_c1 | a=a b=1 cin=1 | sum=c cout=0 ovflow=0
UVM_INFO: [PASS] exhaustive_aa_b2_c0 | a=a b=2 cin=0 | sum=c cout=0 ovflow=0
UVM_INFO: [PASS] exhaustive_aa_b2_c1 | a=a b=2 cin=1 | sum=d cout=0 ovflow=0
UVM_INFO: [PASS] exhaustive_aa_b3_c0 | a=a b=3 cin=0 | sum=d cout=0 ovflow=0
UVM_INFO: [PASS] exhaustive_aa_b3_c1 | a=a b=3 cin=1 | sum=e cout=0 ovflow=0
UVM_INFO: [PASS] exhaustive_aa_b4_c0 | a=a b=4 cin=0 | sum=e cout=0 ovflow=0
UVM_INFO: [PASS] exhaustive_aa_b4_c1 | a=a b=4 cin=1 | sum=f cout=0 ovflow=0
UVM_INFO: [PASS] exhaustive_aa_b5_c0 | a=a b=5 cin=0 | sum=f cout=0 ovflow=0
UVM_INFO: [PASS] exhaustive_aa_b5_c1 | a=a b=5 cin=1 | sum=0 cout=1 ovflow=0
UVM_INFO: [PASS] exhaustive_aa_b6_c0 | a=a b=6 cin=0 | sum=0 cout=1 ovflow=0
UVM_INFO: [PASS] exhaustive_aa_b6_c1 | a=a b=6 cin=1 | sum=1 cout=1 ovflow=0
UVM_INFO: [PASS] exhaustive_aa_b7_c0 | a=a b=7 cin=0 | sum=1 cout=1 ovflow=0
UVM_INFO: [PASS] exhaustive_aa_b7_c1 | a=a b=7 cin=1 | sum=2 cout=1 ovflow=0
UVM_INFO: [PASS] exhaustive_aa_b8_c0 | a=a b=8 cin=0 | sum=2 cout=1 ovflow=1
UVM_INFO: [PASS] exhaustive_aa_b8_c1 | a=a b=8 cin=1 | sum=3 cout=1 ovflow=1
UVM_INFO: [PASS] exhaustive_aa_b9_c0 | a=a b=9 cin=0 | sum=3 cout=1 ovflow=1
UVM_INFO: [PASS] exhaustive_aa_b9_c1 | a=a b=9 cin=1 | sum=4 cout=1 ovflow=1
UVM_INFO: [PASS] exhaustive_aa_ba_c0 | a=a b=a cin=0 | sum=4 cout=1 ovflow=1
UVM_INFO: [PASS] exhaustive_aa_ba_c1 | a=a b=a cin=1 | sum=5 cout=1 ovflow=1
UVM_INFO: [PASS] exhaustive_aa_bb_c0 | a=a b=b cin=0 | sum=5 cout=1 ovflow=1
UVM_INFO: [PASS] exhaustive_aa_bb_c1 | a=a b=b cin=1 | sum=6 cout=1 ovflow=1
UVM_INFO: [PASS] exhaustive_aa_bc_c0 | a=a b=c cin=0 | sum=6 cout=1 ovflow=1
UVM_INFO: [PASS] exhaustive_aa_bc_c1 | a=a b=c cin=1 | sum=7 cout=1 ovflow=1
UVM_INFO: [PASS] exhaustive_aa_bd_c0 | a=a b=d cin=0 | sum=7 cout=1 ovflow=1
UVM_INFO: [PASS] exhaustive_aa_bd_c1 | a=a b=d cin=1 | sum=8 cout=1 ovflow=0
UVM_INFO: [PASS] exhaustive_aa_be_c0 | a=a b=e cin=0 | sum=8 cout=1 ovflow=0
UVM_INFO: [PASS] exhaustive_aa_be_c1 | a=a b=e cin=1 | sum=9 cout=1 ovflow=0
UVM_INFO: [PASS] exhaustive_aa_bf_c0 | a=a b=f cin=0 | sum=9 cout=1 ovflow=0
UVM_INFO: [PASS] exhaustive_aa_bf_c1 | a=a b=f cin=1 | sum=a cout=1 ovflow=0
UVM_INFO: [PASS] exhaustive_ab_b0_c0 | a=b b=0 cin=0 | sum=b cout=0 ovflow=0
UVM_INFO: [PASS] exhaustive_ab_b0_c1 | a=b b=0 cin=1 | sum=c cout=0 ovflow=0
UVM_INFO: [PASS] exhaustive_ab_b1_c0 | a=b b=1 cin=0 | sum=c cout=0 ovflow=0
UVM_INFO: [PASS] exhaustive_ab_b1_c1 | a=b b=1 cin=1 | sum=d cout=0 ovflow=0
UVM_INFO: [PASS] exhaustive_ab_b2_c0 | a=b b=2 cin=0 | sum=d cout=0 ovflow=0
UVM_INFO: [PASS] exhaustive_ab_b2_c1 | a=b b=2 cin=1 | sum=e cout=0 ovflow=0
UVM_INFO: [PASS] exhaustive_ab_b3_c0 | a=b b=3 cin=0 | sum=e cout=0 ovflow=0
UVM_INFO: [PASS] exhaustive_ab_b3_c1 | a=b b=3 cin=1 | sum=f cout=0 ovflow=0
UVM_INFO: [PASS] exhaustive_ab_b4_c0 | a=b b=4 cin=0 | sum=f cout=0 ovflow=0
UVM_INFO: [PASS] exhaustive_ab_b4_c1 | a=b b=4 cin=1 | sum=0 cout=1 ovflow=0
UVM_INFO: [PASS] exhaustive_ab_b5_c0 | a=b b=5 cin=0 | sum=0 cout=1 ovflow=0
UVM_INFO: [PASS] exhaustive_ab_b5_c1 | a=b b=5 cin=1 | sum=1 cout=1 ovflow=0
UVM_INFO: [PASS] exhaustive_ab_b6_c0 | a=b b=6 cin=0 | sum=1 cout=1 ovflow=0
UVM_INFO: [PASS] exhaustive_ab_b6_c1 | a=b b=6 cin=1 | sum=2 cout=1 ovflow=0
UVM_INFO: [PASS] exhaustive_ab_b7_c0 | a=b b=7 cin=0 | sum=2 cout=1 ovflow=0
UVM_INFO: [PASS] exhaustive_ab_b7_c1 | a=b b=7 cin=1 | sum=3 cout=1 ovflow=0
UVM_INFO: [PASS] exhaustive_ab_b8_c0 | a=b b=8 cin=0 | sum=3 cout=1 ovflow=1
UVM_INFO: [PASS] exhaustive_ab_b8_c1 | a=b b=8 cin=1 | sum=4 cout=1 ovflow=1
UVM_INFO: [PASS] exhaustive_ab_b9_c0 | a=b b=9 cin=0 | sum=4 cout=1 ovflow=1
UVM_INFO: [PASS] exhaustive_ab_b9_c1 | a=b b=9 cin=1 | sum=5 cout=1 ovflow=1
UVM_INFO: [PASS] exhaustive_ab_ba_c0 | a=b b=a cin=0 | sum=5 cout=1 ovflow=1
UVM_INFO: [PASS] exhaustive_ab_ba_c1 | a=b b=a cin=1 | sum=6 cout=1 ovflow=1
UVM_INFO: [PASS] exhaustive_ab_bb_c0 | a=b b=b cin=0 | sum=6 cout=1 ovflow=1
UVM_INFO: [PASS] exhaustive_ab_bb_c1 | a=b b=b cin=1 | sum=7 cout=1 ovflow=1
UVM_INFO: [PASS] exhaustive_ab_bc_c0 | a=b b=c cin=0 | sum=7 cout=1 ovflow=1
UVM_INFO: [PASS] exhaustive_ab_bc_c1 | a=b b=c cin=1 | sum=8 cout=1 ovflow=0
UVM_INFO: [PASS] exhaustive_ab_bd_c0 | a=b b=d cin=0 | sum=8 cout=1 ovflow=0
UVM_INFO: [PASS] exhaustive_ab_bd_c1 | a=b b=d cin=1 | sum=9 cout=1 ovflow=0
UVM_INFO: [PASS] exhaustive_ab_be_c0 | a=b b=e cin=0 | sum=9 cout=1 ovflow=0
UVM_INFO: [PASS] exhaustive_ab_be_c1 | a=b b=e cin=1 | sum=a cout=1 ovflow=0
UVM_INFO: [PASS] exhaustive_ab_bf_c0 | a=b b=f cin=0 | sum=a cout=1 ovflow=0
UVM_INFO: [PASS] exhaustive_ab_bf_c1 | a=b b=f cin=1 | sum=b cout=1 ovflow=0
UVM_INFO: [PASS] exhaustive_ac_b0_c0 | a=c b=0 cin=0 | sum=c cout=0 ovflow=0
UVM_INFO: [PASS] exhaustive_ac_b0_c1 | a=c b=0 cin=1 | sum=d cout=0 ovflow=0
UVM_INFO: [PASS] exhaustive_ac_b1_c0 | a=c b=1 cin=0 | sum=d cout=0 ovflow=0
UVM_INFO: [PASS] exhaustive_ac_b1_c1 | a=c b=1 cin=1 | sum=e cout=0 ovflow=0
UVM_INFO: [PASS] exhaustive_ac_b2_c0 | a=c b=2 cin=0 | sum=e cout=0 ovflow=0
UVM_INFO: [PASS] exhaustive_ac_b2_c1 | a=c b=2 cin=1 | sum=f cout=0 ovflow=0
UVM_INFO: [PASS] exhaustive_ac_b3_c0 | a=c b=3 cin=0 | sum=f cout=0 ovflow=0
UVM_INFO: [PASS] exhaustive_ac_b3_c1 | a=c b=3 cin=1 | sum=0 cout=1 ovflow=0
UVM_INFO: [PASS] exhaustive_ac_b4_c0 | a=c b=4 cin=0 | sum=0 cout=1 ovflow=0
UVM_INFO: [PASS] exhaustive_ac_b4_c1 | a=c b=4 cin=1 | sum=1 cout=1 ovflow=0
UVM_INFO: [PASS] exhaustive_ac_b5_c0 | a=c b=5 cin=0 | sum=1 cout=1 ovflow=0
UVM_INFO: [PASS] exhaustive_ac_b5_c1 | a=c b=5 cin=1 | sum=2 cout=1 ovflow=0
UVM_INFO: [PASS] exhaustive_ac_b6_c0 | a=c b=6 cin=0 | sum=2 cout=1 ovflow=0
UVM_INFO: [PASS] exhaustive_ac_b6_c1 | a=c b=6 cin=1 | sum=3 cout=1 ovflow=0
UVM_INFO: [PASS] exhaustive_ac_b7_c0 | a=c b=7 cin=0 | sum=3 cout=1 ovflow=0
UVM_INFO: [PASS] exhaustive_ac_b7_c1 | a=c b=7 cin=1 | sum=4 cout=1 ovflow=0
UVM_INFO: [PASS] exhaustive_ac_b8_c0 | a=c b=8 cin=0 | sum=4 cout=1 ovflow=1
UVM_INFO: [PASS] exhaustive_ac_b8_c1 | a=c b=8 cin=1 | sum=5 cout=1 ovflow=1
UVM_INFO: [PASS] exhaustive_ac_b9_c0 | a=c b=9 cin=0 | sum=5 cout=1 ovflow=1
UVM_INFO: [PASS] exhaustive_ac_b9_c1 | a=c b=9 cin=1 | sum=6 cout=1 ovflow=1
UVM_INFO: [PASS] exhaustive_ac_ba_c0 | a=c b=a cin=0 | sum=6 cout=1 ovflow=1
UVM_INFO: [PASS] exhaustive_ac_ba_c1 | a=c b=a cin=1 | sum=7 cout=1 ovflow=1
UVM_INFO: [PASS] exhaustive_ac_bb_c0 | a=c b=b cin=0 | sum=7 cout=1 ovflow=1
UVM_INFO: [PASS] exhaustive_ac_bb_c1 | a=c b=b cin=1 | sum=8 cout=1 ovflow=0
UVM_INFO: [PASS] exhaustive_ac_bc_c0 | a=c b=c cin=0 | sum=8 cout=1 ovflow=0
UVM_INFO: [PASS] exhaustive_ac_bc_c1 | a=c b=c cin=1 | sum=9 cout=1 ovflow=0
UVM_INFO: [PASS] exhaustive_ac_bd_c0 | a=c b=d cin=0 | sum=9 cout=1 ovflow=0
UVM_INFO: [PASS] exhaustive_ac_bd_c1 | a=c b=d cin=1 | sum=a cout=1 ovflow=0
UVM_INFO: [PASS] exhaustive_ac_be_c0 | a=c b=e cin=0 | sum=a cout=1 ovflow=0
UVM_INFO: [PASS] exhaustive_ac_be_c1 | a=c b=e cin=1 | sum=b cout=1 ovflow=0
UVM_INFO: [PASS] exhaustive_ac_bf_c0 | a=c b=f cin=0 | sum=b cout=1 ovflow=0
UVM_INFO: [PASS] exhaustive_ac_bf_c1 | a=c b=f cin=1 | sum=c cout=1 ovflow=0
UVM_INFO: [PASS] exhaustive_ad_b0_c0 | a=d b=0 cin=0 | sum=d cout=0 ovflow=0
UVM_INFO: [PASS] exhaustive_ad_b0_c1 | a=d b=0 cin=1 | sum=e cout=0 ovflow=0
UVM_INFO: [PASS] exhaustive_ad_b1_c0 | a=d b=1 cin=0 | sum=e cout=0 ovflow=0
UVM_INFO: [PASS] exhaustive_ad_b1_c1 | a=d b=1 cin=1 | sum=f cout=0 ovflow=0
UVM_INFO: [PASS] exhaustive_ad_b2_c0 | a=d b=2 cin=0 | sum=f cout=0 ovflow=0
UVM_INFO: [PASS] exhaustive_ad_b2_c1 | a=d b=2 cin=1 | sum=0 cout=1 ovflow=0
UVM_INFO: [PASS] exhaustive_ad_b3_c0 | a=d b=3 cin=0 | sum=0 cout=1 ovflow=0
UVM_INFO: [PASS] exhaustive_ad_b3_c1 | a=d b=3 cin=1 | sum=1 cout=1 ovflow=0
UVM_INFO: [PASS] exhaustive_ad_b4_c0 | a=d b=4 cin=0 | sum=1 cout=1 ovflow=0
UVM_INFO: [PASS] exhaustive_ad_b4_c1 | a=d b=4 cin=1 | sum=2 cout=1 ovflow=0
UVM_INFO: [PASS] exhaustive_ad_b5_c0 | a=d b=5 cin=0 | sum=2 cout=1 ovflow=0
UVM_INFO: [PASS] exhaustive_ad_b5_c1 | a=d b=5 cin=1 | sum=3 cout=1 ovflow=0
UVM_INFO: [PASS] exhaustive_ad_b6_c0 | a=d b=6 cin=0 | sum=3 cout=1 ovflow=0
UVM_INFO: [PASS] exhaustive_ad_b6_c1 | a=d b=6 cin=1 | sum=4 cout=1 ovflow=0
UVM_INFO: [PASS] exhaustive_ad_b7_c0 | a=d b=7 cin=0 | sum=4 cout=1 ovflow=0
UVM_INFO: [PASS] exhaustive_ad_b7_c1 | a=d b=7 cin=1 | sum=5 cout=1 ovflow=0
UVM_INFO: [PASS] exhaustive_ad_b8_c0 | a=d b=8 cin=0 | sum=5 cout=1 ovflow=1
UVM_INFO: [PASS] exhaustive_ad_b8_c1 | a=d b=8 cin=1 | sum=6 cout=1 ovflow=1
UVM_INFO: [PASS] exhaustive_ad_b9_c0 | a=d b=9 cin=0 | sum=6 cout=1 ovflow=1
UVM_INFO: [PASS] exhaustive_ad_b9_c1 | a=d b=9 cin=1 | sum=7 cout=1 ovflow=1
UVM_INFO: [PASS] exhaustive_ad_ba_c0 | a=d b=a cin=0 | sum=7 cout=1 ovflow=1
UVM_INFO: [PASS] exhaustive_ad_ba_c1 | a=d b=a cin=1 | sum=8 cout=1 ovflow=0
UVM_INFO: [PASS] exhaustive_ad_bb_c0 | a=d b=b cin=0 | sum=8 cout=1 ovflow=0
UVM_INFO: [PASS] exhaustive_ad_bb_c1 | a=d b=b cin=1 | sum=9 cout=1 ovflow=0
UVM_INFO: [PASS] exhaustive_ad_bc_c0 | a=d b=c cin=0 | sum=9 cout=1 ovflow=0
UVM_INFO: [PASS] exhaustive_ad_bc_c1 | a=d b=c cin=1 | sum=a cout=1 ovflow=0
UVM_INFO: [PASS] exhaustive_ad_bd_c0 | a=d b=d cin=0 | sum=a cout=1 ovflow=0
UVM_INFO: [PASS] exhaustive_ad_bd_c1 | a=d b=d cin=1 | sum=b cout=1 ovflow=0
UVM_INFO: [PASS] exhaustive_ad_be_c0 | a=d b=e cin=0 | sum=b cout=1 ovflow=0
UVM_INFO: [PASS] exhaustive_ad_be_c1 | a=d b=e cin=1 | sum=c cout=1 ovflow=0
UVM_INFO: [PASS] exhaustive_ad_bf_c0 | a=d b=f cin=0 | sum=c cout=1 ovflow=0
UVM_INFO: [PASS] exhaustive_ad_bf_c1 | a=d b=f cin=1 | sum=d cout=1 ovflow=0
UVM_INFO: [PASS] exhaustive_ae_b0_c0 | a=e b=0 cin=0 | sum=e cout=0 ovflow=0
UVM_INFO: [PASS] exhaustive_ae_b0_c1 | a=e b=0 cin=1 | sum=f cout=0 ovflow=0
UVM_INFO: [PASS] exhaustive_ae_b1_c0 | a=e b=1 cin=0 | sum=f cout=0 ovflow=0
UVM_INFO: [PASS] exhaustive_ae_b1_c1 | a=e b=1 cin=1 | sum=0 cout=1 ovflow=0
UVM_INFO: [PASS] exhaustive_ae_b2_c0 | a=e b=2 cin=0 | sum=0 cout=1 ovflow=0
UVM_INFO: [PASS] exhaustive_ae_b2_c1 | a=e b=2 cin=1 | sum=1 cout=1 ovflow=0
UVM_INFO: [PASS] exhaustive_ae_b3_c0 | a=e b=3 cin=0 | sum=1 cout=1 ovflow=0
UVM_INFO: [PASS] exhaustive_ae_b3_c1 | a=e b=3 cin=1 | sum=2 cout=1 ovflow=0
UVM_INFO: [PASS] exhaustive_ae_b4_c0 | a=e b=4 cin=0 | sum=2 cout=1 ovflow=0
UVM_INFO: [PASS] exhaustive_ae_b4_c1 | a=e b=4 cin=1 | sum=3 cout=1 ovflow=0
UVM_INFO: [PASS] exhaustive_ae_b5_c0 | a=e b=5 cin=0 | sum=3 cout=1 ovflow=0
UVM_INFO: [PASS] exhaustive_ae_b5_c1 | a=e b=5 cin=1 | sum=4 cout=1 ovflow=0
UVM_INFO: [PASS] exhaustive_ae_b6_c0 | a=e b=6 cin=0 | sum=4 cout=1 ovflow=0
UVM_INFO: [PASS] exhaustive_ae_b6_c1 | a=e b=6 cin=1 | sum=5 cout=1 ovflow=0
UVM_INFO: [PASS] exhaustive_ae_b7_c0 | a=e b=7 cin=0 | sum=5 cout=1 ovflow=0
UVM_INFO: [PASS] exhaustive_ae_b7_c1 | a=e b=7 cin=1 | sum=6 cout=1 ovflow=0
UVM_INFO: [PASS] exhaustive_ae_b8_c0 | a=e b=8 cin=0 | sum=6 cout=1 ovflow=1
UVM_INFO: [PASS] exhaustive_ae_b8_c1 | a=e b=8 cin=1 | sum=7 cout=1 ovflow=1
UVM_INFO: [PASS] exhaustive_ae_b9_c0 | a=e b=9 cin=0 | sum=7 cout=1 ovflow=1
UVM_INFO: [PASS] exhaustive_ae_b9_c1 | a=e b=9 cin=1 | sum=8 cout=1 ovflow=0
UVM_INFO: [PASS] exhaustive_ae_ba_c0 | a=e b=a cin=0 | sum=8 cout=1 ovflow=0
UVM_INFO: [PASS] exhaustive_ae_ba_c1 | a=e b=a cin=1 | sum=9 cout=1 ovflow=0
UVM_INFO: [PASS] exhaustive_ae_bb_c0 | a=e b=b cin=0 | sum=9 cout=1 ovflow=0
UVM_INFO: [PASS] exhaustive_ae_bb_c1 | a=e b=b cin=1 | sum=a cout=1 ovflow=0
UVM_INFO: [PASS] exhaustive_ae_bc_c0 | a=e b=c cin=0 | sum=a cout=1 ovflow=0
UVM_INFO: [PASS] exhaustive_ae_bc_c1 | a=e b=c cin=1 | sum=b cout=1 ovflow=0
UVM_INFO: [PASS] exhaustive_ae_bd_c0 | a=e b=d cin=0 | sum=b cout=1 ovflow=0
UVM_INFO: [PASS] exhaustive_ae_bd_c1 | a=e b=d cin=1 | sum=c cout=1 ovflow=0
UVM_INFO: [PASS] exhaustive_ae_be_c0 | a=e b=e cin=0 | sum=c cout=1 ovflow=0
UVM_INFO: [PASS] exhaustive_ae_be_c1 | a=e b=e cin=1 | sum=d cout=1 ovflow=0
UVM_INFO: [PASS] exhaustive_ae_bf_c0 | a=e b=f cin=0 | sum=d cout=1 ovflow=0
UVM_INFO: [PASS] exhaustive_ae_bf_c1 | a=e b=f cin=1 | sum=e cout=1 ovflow=0
UVM_INFO: [PASS] exhaustive_af_b0_c0 | a=f b=0 cin=0 | sum=f cout=0 ovflow=0
UVM_INFO: [PASS] exhaustive_af_b0_c1 | a=f b=0 cin=1 | sum=0 cout=1 ovflow=0
UVM_INFO: [PASS] exhaustive_af_b1_c0 | a=f b=1 cin=0 | sum=0 cout=1 ovflow=0
UVM_INFO: [PASS] exhaustive_af_b1_c1 | a=f b=1 cin=1 | sum=1 cout=1 ovflow=0
UVM_INFO: [PASS] exhaustive_af_b2_c0 | a=f b=2 cin=0 | sum=1 cout=1 ovflow=0
UVM_INFO: [PASS] exhaustive_af_b2_c1 | a=f b=2 cin=1 | sum=2 cout=1 ovflow=0
UVM_INFO: [PASS] exhaustive_af_b3_c0 | a=f b=3 cin=0 | sum=2 cout=1 ovflow=0
UVM_INFO: [PASS] exhaustive_af_b3_c1 | a=f b=3 cin=1 | sum=3 cout=1 ovflow=0
UVM_INFO: [PASS] exhaustive_af_b4_c0 | a=f b=4 cin=0 | sum=3 cout=1 ovflow=0
UVM_INFO: [PASS] exhaustive_af_b4_c1 | a=f b=4 cin=1 | sum=4 cout=1 ovflow=0
UVM_INFO: [PASS] exhaustive_af_b5_c0 | a=f b=5 cin=0 | sum=4 cout=1 ovflow=0
UVM_INFO: [PASS] exhaustive_af_b5_c1 | a=f b=5 cin=1 | sum=5 cout=1 ovflow=0
UVM_INFO: [PASS] exhaustive_af_b6_c0 | a=f b=6 cin=0 | sum=5 cout=1 ovflow=0
UVM_INFO: [PASS] exhaustive_af_b6_c1 | a=f b=6 cin=1 | sum=6 cout=1 ovflow=0
UVM_INFO: [PASS] exhaustive_af_b7_c0 | a=f b=7 cin=0 | sum=6 cout=1 ovflow=0
UVM_INFO: [PASS] exhaustive_af_b7_c1 | a=f b=7 cin=1 | sum=7 cout=1 ovflow=0
UVM_INFO: [PASS] exhaustive_af_b8_c0 | a=f b=8 cin=0 | sum=7 cout=1 ovflow=1
UVM_INFO: [PASS] exhaustive_af_b8_c1 | a=f b=8 cin=1 | sum=8 cout=1 ovflow=0
UVM_INFO: [PASS] exhaustive_af_b9_c0 | a=f b=9 cin=0 | sum=8 cout=1 ovflow=0
UVM_INFO: [PASS] exhaustive_af_b9_c1 | a=f b=9 cin=1 | sum=9 cout=1 ovflow=0
UVM_INFO: [PASS] exhaustive_af_ba_c0 | a=f b=a cin=0 | sum=9 cout=1 ovflow=0
UVM_INFO: [PASS] exhaustive_af_ba_c1 | a=f b=a cin=1 | sum=a cout=1 ovflow=0
UVM_INFO: [PASS] exhaustive_af_bb_c0 | a=f b=b cin=0 | sum=a cout=1 ovflow=0
UVM_INFO: [PASS] exhaustive_af_bb_c1 | a=f b=b cin=1 | sum=b cout=1 ovflow=0
UVM_INFO: [PASS] exhaustive_af_bc_c0 | a=f b=c cin=0 | sum=b cout=1 ovflow=0
UVM_INFO: [PASS] exhaustive_af_bc_c1 | a=f b=c cin=1 | sum=c cout=1 ovflow=0
UVM_INFO: [PASS] exhaustive_af_bd_c0 | a=f b=d cin=0 | sum=c cout=1 ovflow=0
UVM_INFO: [PASS] exhaustive_af_bd_c1 | a=f b=d cin=1 | sum=d cout=1 ovflow=0
UVM_INFO: [PASS] exhaustive_af_be_c0 | a=f b=e cin=0 | sum=d cout=1 ovflow=0
UVM_INFO: [PASS] exhaustive_af_be_c1 | a=f b=e cin=1 | sum=e cout=1 ovflow=0
UVM_INFO: [PASS] exhaustive_af_bf_c0 | a=f b=f cin=0 | sum=e cout=1 ovflow=0
UVM_INFO: [PASS] exhaustive_af_bf_c1 | a=f b=f cin=1 | sum=f cout=1 ovflow=0

=============================================
  SCOREBOARD SUMMARY
=============================================
  Total   : 523
  Passed  : 523
  Failed  : 0

  COVERAGE SUMMARY
  cout=1 hit       : 261 times
  ovflow=1 hit     : 131 times
  cin=1 hit        : 259 times
  zero operand hit : 65 times
  max operand hit  : 66 times
  both flags hit   : 65 times

  UVM_INFO: TEST PASSED - all 523 checks clean
=============================================
rtl_projects/adder/tb_adder.sv:141: $finish called at 523000 (1ps)
